[ 1575042ms] [LOG] [vite] server connection lost. Polling for restart... @ http://localhost:5173/@vite/client:864
[ 1613309ms] [INFO] %cDownload the React DevTools for a better development experience: https://reactjs.org/link/react-devtools font-weight:bold @ http://localhost:5173/node_modules/.vite/deps/chunk-E22KYI7D.js?v=a4c15928:21608
[ 1613412ms] [WARNING] ⚠️ React Router Future Flag Warning: React Router will begin wrapping state updates in `React.startTransition` in v7. You can use the `v7_startTransition` future flag to opt-in early. For more information, see https://reactrouter.com/v6/upgrading/future#v7_starttransition. @ http://localhost:5173/node_modules/.vite/deps/react-router-dom.js?v=a4c15928:4435
[ 1613412ms] [WARNING] ⚠️ React Router Future Flag Warning: Relative route resolution within Splat routes is changing in v7. You can use the `v7_relativeSplatPath` future flag to opt-in early. For more information, see https://reactrouter.com/v6/upgrading/future#v7_relativesplatpath. @ http://localhost:5173/node_modules/.vite/deps/react-router-dom.js?v=a4c15928:4435
[ 6043075ms] [LOG] [vite] server connection lost. Polling for restart... @ http://localhost:5173/@vite/client:864
[ 6773617ms] [INFO] %cDownload the React DevTools for a better development experience: https://reactjs.org/link/react-devtools font-weight:bold @ http://localhost:5173/node_modules/.vite/deps/chunk-E22KYI7D.js?v=a4c15928:21608
[ 6773719ms] [WARNING] ⚠️ React Router Future Flag Warning: React Router will begin wrapping state updates in `React.startTransition` in v7. You can use the `v7_startTransition` future flag to opt-in early. For more information, see https://reactrouter.com/v6/upgrading/future#v7_starttransition. @ http://localhost:5173/node_modules/.vite/deps/react-router-dom.js?v=a4c15928:4435
[ 6773719ms] [WARNING] ⚠️ React Router Future Flag Warning: Relative route resolution within Splat routes is changing in v7. You can use the `v7_relativeSplatPath` future flag to opt-in early. For more information, see https://reactrouter.com/v6/upgrading/future#v7_relativesplatpath. @ http://localhost:5173/node_modules/.vite/deps/react-router-dom.js?v=a4c15928:4435
[ 6773765ms] [ERROR] Failed to load resource: the server responded with a status of 401 (Unauthorized) @ http://localhost:8000/api/pooja/calendar/tamil-nakshatras/?year=2026&month=5&refresh=0:0
[ 6773774ms] [ERROR] Failed to load resource: the server responded with a status of 401 (Unauthorized) @ http://localhost:8000/api/pooja/calendar/donor-registrations/?year=2026&month=5&refresh=0:0
[ 6773777ms] [ERROR] Failed to load resource: the server responded with a status of 401 (Unauthorized) @ http://localhost:8000/api/pooja/calendar/day-options/?year=2026&month=5&refresh=0:0
[ 6773782ms] [ERROR] Failed to load resource: the server responded with a status of 401 (Unauthorized) @ http://localhost:8000/api/pooja/calendar/donor-registrations/?year=2026&month=5&refresh=0:0
[ 6773783ms] [ERROR] Failed to load calendar data for Ubhayam report AxiosError @ http://localhost:5173/src/pages/admin/PoojaDetailsPage.tsx:336
[ 6773784ms] [ERROR] Failed to load resource: the server responded with a status of 401 (Unauthorized) @ http://localhost:8000/api/pooja/daily-messages/?page_size=200&ordering=label:0
[ 6773786ms] [ERROR] Failed to load daily messages / special announcements AxiosError @ http://localhost:5173/src/pages/admin/PoojaDetailsPage.tsx:370
[ 6773788ms] [ERROR] Failed to load resource: the server responded with a status of 401 (Unauthorized) @ http://localhost:8000/api/pooja/daily-messages/?page_size=200&ordering=label:0
[ 6773789ms] [ERROR] Failed to load resource: the server responded with a status of 401 (Unauthorized) @ http://localhost:8000/api/pooja/calendar/day-options/?year=2026&month=5&refresh=0:0
[ 6773790ms] [ERROR] Failed to load resource: the server responded with a status of 401 (Unauthorized) @ http://localhost:8000/api/pooja/special-announcements/?page_size=200&ordering=label:0
[ 6773792ms] [ERROR] Failed to load resource: the server responded with a status of 401 (Unauthorized) @ http://localhost:8000/api/pooja/special-announcements/?page_size=200&ordering=label:0
[ 6773795ms] [ERROR] Failed to load resource: the server responded with a status of 401 (Unauthorized) @ http://localhost:8000/api/pooja/calendar/tamil-nakshatras/?year=2026&month=5&refresh=0:0
[ 7189170ms] [LOG] [vite] server connection lost. Polling for restart... @ http://localhost:5173/@vite/client:864
